// Jest Snapshot v1, https://goo.gl/fbAQLP

exports[`accessibility accessibilityStates 1`] = `
Array [
  "disabled",
]
`;
