// Jest Snapshot v1, https://goo.gl/fbAQLP

exports[`noop snapshot 1`] = `"function noop() {}"`;
